// Bun Snapshot v1, https://goo.gl/fbAQLP

exports[`lib::object.difference should return an empty object when the current and previous objects are the same 1`] = `[]`;

exports[`lib::object.difference should return an object with the keys and values that have changed between the current and previous objects 1`] = `
[
  {
    "changeType": "MODIFIED",
    "currentValue": 2,
    "description": "b was changed to 2",
    "key": "b",
    "previousValue": 3,
    "valueType": "NUMBER",
  },
]
`;

exports[`lib::object.difference should return an object with the keys and values that have changed between the current and previous objects, using a key transform function 1`] = `
[
  {
    "changeType": "MODIFIED",
    "currentValue": 2,
    "description": "b was changed to 2",
    "key": "b",
    "previousValue": 3,
    "valueType": "NUMBER",
  },
]
`;
